Archive member included to satisfy reference by file (symbol)

f:/st/stm32cubeide_1.4.0/stm32cubeide/plugins/com.st.stm32cube.ide.mcu.externaltools.gnu-tools-for-stm32.7-2018-q2-update.win32_1.4.0.202007081208/tools/bin/../lib/gcc/arm-none-eabi/7.3.1/../../../../arm-none-eabi/lib/thumb/v7e-m/fpv4-sp/hard\libc_nano.a(lib_a-errno.o)
                              Src/syscalls.o (__errno)
f:/st/stm32cubeide_1.4.0/stm32cubeide/plugins/com.st.stm32cube.ide.mcu.externaltools.gnu-tools-for-stm32.7-2018-q2-update.win32_1.4.0.202007081208/tools/bin/../lib/gcc/arm-none-eabi/7.3.1/../../../../arm-none-eabi/lib/thumb/v7e-m/fpv4-sp/hard\libc_nano.a(lib_a-exit.o)
                              f:/st/stm32cubeide_1.4.0/stm32cubeide/plugins/com.st.stm32cube.ide.mcu.externaltools.gnu-tools-for-stm32.7-2018-q2-update.win32_1.4.0.202007081208/tools/bin/../lib/gcc/arm-none-eabi/7.3.1/../../../../arm-none-eabi/lib/thumb/v7e-m/fpv4-sp/hard/crt0.o (exit)
f:/st/stm32cubeide_1.4.0/stm32cubeide/plugins/com.st.stm32cube.ide.mcu.externaltools.gnu-tools-for-stm32.7-2018-q2-update.win32_1.4.0.202007081208/tools/bin/../lib/gcc/arm-none-eabi/7.3.1/../../../../arm-none-eabi/lib/thumb/v7e-m/fpv4-sp/hard\libc_nano.a(lib_a-impure.o)
                              f:/st/stm32cubeide_1.4.0/stm32cubeide/plugins/com.st.stm32cube.ide.mcu.externaltools.gnu-tools-for-stm32.7-2018-q2-update.win32_1.4.0.202007081208/tools/bin/../lib/gcc/arm-none-eabi/7.3.1/../../../../arm-none-eabi/lib/thumb/v7e-m/fpv4-sp/hard\libc_nano.a(lib_a-exit.o) (_global_impure_ptr)
f:/st/stm32cubeide_1.4.0/stm32cubeide/plugins/com.st.stm32cube.ide.mcu.externaltools.gnu-tools-for-stm32.7-2018-q2-update.win32_1.4.0.202007081208/tools/bin/../lib/gcc/arm-none-eabi/7.3.1/../../../../arm-none-eabi/lib/thumb/v7e-m/fpv4-sp/hard\libc_nano.a(lib_a-init.o)
                              f:/st/stm32cubeide_1.4.0/stm32cubeide/plugins/com.st.stm32cube.ide.mcu.externaltools.gnu-tools-for-stm32.7-2018-q2-update.win32_1.4.0.202007081208/tools/bin/../lib/gcc/arm-none-eabi/7.3.1/../../../../arm-none-eabi/lib/thumb/v7e-m/fpv4-sp/hard/crt0.o (__libc_init_array)
f:/st/stm32cubeide_1.4.0/stm32cubeide/plugins/com.st.stm32cube.ide.mcu.externaltools.gnu-tools-for-stm32.7-2018-q2-update.win32_1.4.0.202007081208/tools/bin/../lib/gcc/arm-none-eabi/7.3.1/../../../../arm-none-eabi/lib/thumb/v7e-m/fpv4-sp/hard\libc_nano.a(lib_a-memset.o)
                              f:/st/stm32cubeide_1.4.0/stm32cubeide/plugins/com.st.stm32cube.ide.mcu.externaltools.gnu-tools-for-stm32.7-2018-q2-update.win32_1.4.0.202007081208/tools/bin/../lib/gcc/arm-none-eabi/7.3.1/../../../../arm-none-eabi/lib/thumb/v7e-m/fpv4-sp/hard/crt0.o (memset)

Allocating common symbols
Common symbol       size              file

string_disp         0x4               Src/main.o

Discarded input sections

 .text          0x0000000000000000        0x0 f:/st/stm32cubeide_1.4.0/stm32cubeide/plugins/com.st.stm32cube.ide.mcu.externaltools.gnu-tools-for-stm32.7-2018-q2-update.win32_1.4.0.202007081208/tools/bin/../lib/gcc/arm-none-eabi/7.3.1/thumb/v7e-m/fpv4-sp/hard/crti.o
 .data          0x0000000000000000        0x0 f:/st/stm32cubeide_1.4.0/stm32cubeide/plugins/com.st.stm32cube.ide.mcu.externaltools.gnu-tools-for-stm32.7-2018-q2-update.win32_1.4.0.202007081208/tools/bin/../lib/gcc/arm-none-eabi/7.3.1/thumb/v7e-m/fpv4-sp/hard/crti.o
 .bss           0x0000000000000000        0x0 f:/st/stm32cubeide_1.4.0/stm32cubeide/plugins/com.st.stm32cube.ide.mcu.externaltools.gnu-tools-for-stm32.7-2018-q2-update.win32_1.4.0.202007081208/tools/bin/../lib/gcc/arm-none-eabi/7.3.1/thumb/v7e-m/fpv4-sp/hard/crti.o
 .data          0x0000000000000000        0x4 f:/st/stm32cubeide_1.4.0/stm32cubeide/plugins/com.st.stm32cube.ide.mcu.externaltools.gnu-tools-for-stm32.7-2018-q2-update.win32_1.4.0.202007081208/tools/bin/../lib/gcc/arm-none-eabi/7.3.1/thumb/v7e-m/fpv4-sp/hard/crtbegin.o
 .text          0x0000000000000000       0x74 f:/st/stm32cubeide_1.4.0/stm32cubeide/plugins/com.st.stm32cube.ide.mcu.externaltools.gnu-tools-for-stm32.7-2018-q2-update.win32_1.4.0.202007081208/tools/bin/../lib/gcc/arm-none-eabi/7.3.1/../../../../arm-none-eabi/lib/thumb/v7e-m/fpv4-sp/hard/crt0.o
 .data          0x0000000000000000        0x0 f:/st/stm32cubeide_1.4.0/stm32cubeide/plugins/com.st.stm32cube.ide.mcu.externaltools.gnu-tools-for-stm32.7-2018-q2-update.win32_1.4.0.202007081208/tools/bin/../lib/gcc/arm-none-eabi/7.3.1/../../../../arm-none-eabi/lib/thumb/v7e-m/fpv4-sp/hard/crt0.o
 .bss           0x0000000000000000        0x0 f:/st/stm32cubeide_1.4.0/stm32cubeide/plugins/com.st.stm32cube.ide.mcu.externaltools.gnu-tools-for-stm32.7-2018-q2-update.win32_1.4.0.202007081208/tools/bin/../lib/gcc/arm-none-eabi/7.3.1/../../../../arm-none-eabi/lib/thumb/v7e-m/fpv4-sp/hard/crt0.o
[...]
Memory Configuration

Name             Origin             Length             Attributes
FLASH            0x0000000008000000 0x0000000000010000 xr
CCMRAM           0x0000000010000000 0x0000000000001000 xrw
RAM              0x0000000020000000 0x0000000000003000 xrw
*default*        0x0000000000000000 0xffffffffffffffff

Linker script and memory map

LOAD f:/st/stm32cubeide_1.4.0/stm32cubeide/plugins/com.st.stm32cube.ide.mcu.externaltools.gnu-tools-for-stm32.7-2018-q2-update.win32_1.4.0.202007081208/tools/bin/../lib/gcc/arm-none-eabi/7.3.1/thumb/v7e-m/fpv4-sp/hard/crti.o
LOAD f:/st/stm32cubeide_1.4.0/stm32cubeide/plugins/com.st.stm32cube.ide.mcu.externaltools.gnu-tools-for-stm32.7-2018-q2-update.win32_1.4.0.202007081208/tools/bin/../lib/gcc/arm-none-eabi/7.3.1/thumb/v7e-m/fpv4-sp/hard/crtbegin.o
LOAD f:/st/stm32cubeide_1.4.0/stm32cubeide/plugins/com.st.stm32cube.ide.mcu.externaltools.gnu-tools-for-stm32.7-2018-q2-update.win32_1.4.0.202007081208/tools/bin/../lib/gcc/arm-none-eabi/7.3.1/../../../../arm-none-eabi/lib/thumb/v7e-m/fpv4-sp/hard/crt0.o
LOAD Drivers/STM32F3xx_HAL_Driver/Src/stm32f3xx_ll_exti.o
LOAD Drivers/STM32F3xx_HAL_Driver/Src/stm32f3xx_ll_gpio.o
LOAD Drivers/STM32F3xx_HAL_Driver/Src/stm32f3xx_ll_rcc.o
LOAD Drivers/STM32F3xx_HAL_Driver/Src/stm32f3xx_ll_tim.o
LOAD Drivers/STM32F3xx_HAL_Driver/Src/stm32f3xx_ll_utils.o
LOAD Src/display.o
LOAD Src/gpio.o
LOAD Src/main.o
LOAD Src/stm32f3xx_it.o
LOAD Src/syscalls.o
LOAD Src/sysmem.o
LOAD Src/system_stm32f3xx.o
LOAD Src/tim.o
LOAD Startup/startup_stm32f303k8tx.o
START GROUP
LOAD f:/st/stm32cubeide_1.4.0/stm32cubeide/plugins/com.st.stm32cube.ide.mcu.externaltools.gnu-tools-for-stm32.7-2018-q2-update.win32_1.4.0.202007081208/tools/bin/../lib/gcc/arm-none-eabi/7.3.1/../../../../arm-none-eabi/lib/thumb/v7e-m/fpv4-sp/hard\libc_nano.a
LOAD f:/st/stm32cubeide_1.4.0/stm32cubeide/plugins/com.st.stm32cube.ide.mcu.externaltools.gnu-tools-for-stm32.7-2018-q2-update.win32_1.4.0.202007081208/tools/bin/../lib/gcc/arm-none-eabi/7.3.1/../../../../arm-none-eabi/lib/thumb/v7e-m/fpv4-sp/hard\libm.a
END GROUP
START GROUP
LOAD f:/st/stm32cubeide_1.4.0/stm32cubeide/plugins/com.st.stm32cube.ide.mcu.externaltools.gnu-tools-for-stm32.7-2018-q2-update.win32_1.4.0.202007081208/tools/bin/../lib/gcc/arm-none-eabi/7.3.1/thumb/v7e-m/fpv4-sp/hard\libgcc.a
LOAD f:/st/stm32cubeide_1.4.0/stm32cubeide/plugins/com.st.stm32cube.ide.mcu.externaltools.gnu-tools-for-stm32.7-2018-q2-update.win32_1.4.0.202007081208/tools/bin/../lib/gcc/arm-none-eabi/7.3.1/../../../../arm-none-eabi/lib/thumb/v7e-m/fpv4-sp/hard\libc_nano.a
END GROUP
START GROUP
LOAD f:/st/stm32cubeide_1.4.0/stm32cubeide/plugins/com.st.stm32cube.ide.mcu.externaltools.gnu-tools-for-stm32.7-2018-q2-update.win32_1.4.0.202007081208/tools/bin/../lib/gcc/arm-none-eabi/7.3.1/thumb/v7e-m/fpv4-sp/hard\libgcc.a
LOAD f:/st/stm32cubeide_1.4.0/stm32cubeide/plugins/com.st.stm32cube.ide.mcu.externaltools.gnu-tools-for-stm32.7-2018-q2-update.win32_1.4.0.202007081208/tools/bin/../lib/gcc/arm-none-eabi/7.3.1/../../../../arm-none-eabi/lib/thumb/v7e-m/fpv4-sp/hard\libc_nano.a
LOAD f:/st/stm32cubeide_1.4.0/stm32cubeide/plugins/com.st.stm32cube.ide.mcu.externaltools.gnu-tools-for-stm32.7-2018-q2-update.win32_1.4.0.202007081208/tools/bin/../lib/gcc/arm-none-eabi/7.3.1/../../../../arm-none-eabi/lib/thumb/v7e-m/fpv4-sp/hard\libnosys.a
END GROUP
START GROUP
LOAD f:/st/stm32cubeide_1.4.0/stm32cubeide/plugins/com.st.stm32cube.ide.mcu.externaltools.gnu-tools-for-stm32.7-2018-q2-update.win32_1.4.0.202007081208/tools/bin/../lib/gcc/arm-none-eabi/7.3.1/thumb/v7e-m/fpv4-sp/hard\libgcc.a
LOAD f:/st/stm32cubeide_1.4.0/stm32cubeide/plugins/com.st.stm32cube.ide.mcu.externaltools.gnu-tools-for-stm32.7-2018-q2-update.win32_1.4.0.202007081208/tools/bin/../lib/gcc/arm-none-eabi/7.3.1/../../../../arm-none-eabi/lib/thumb/v7e-m/fpv4-sp/hard\libc_nano.a
LOAD f:/st/stm32cubeide_1.4.0/stm32cubeide/plugins/com.st.stm32cube.ide.mcu.externaltools.gnu-tools-for-stm32.7-2018-q2-update.win32_1.4.0.202007081208/tools/bin/../lib/gcc/arm-none-eabi/7.3.1/../../../../arm-none-eabi/lib/thumb/v7e-m/fpv4-sp/hard\libnosys.a
END GROUP
LOAD f:/st/stm32cubeide_1.4.0/stm32cubeide/plugins/com.st.stm32cube.ide.mcu.externaltools.gnu-tools-for-stm32.7-2018-q2-update.win32_1.4.0.202007081208/tools/bin/../lib/gcc/arm-none-eabi/7.3.1/thumb/v7e-m/fpv4-sp/hard/crtend.o
LOAD f:/st/stm32cubeide_1.4.0/stm32cubeide/plugins/com.st.stm32cube.ide.mcu.externaltools.gnu-tools-for-stm32.7-2018-q2-update.win32_1.4.0.202007081208/tools/bin/../lib/gcc/arm-none-eabi/7.3.1/thumb/v7e-m/fpv4-sp/hard/crtn.o
                0x0000000020003000                _estack = 0x20003000
                0x0000000000000200                _Min_Heap_Size = 0x200
                0x0000000000000400                _Min_Stack_Size = 0x400

.isr_vector     0x0000000008000000      0x188
                0x0000000008000000                . = ALIGN (0x4)
 *(.isr_vector)
 .isr_vector    0x0000000008000000      0x188 Startup/startup_stm32f303k8tx.o
                0x0000000008000000                g_pfnVectors
                0x0000000008000188                . = ALIGN (0x4)

.text           0x0000000008000188     0x2594
                0x0000000008000188                . = ALIGN (0x4)
 *(.text)
 .text          0x0000000008000188       0x40 f:/st/stm32cubeide_1.4.0/stm32cubeide/plugins/com.st.stm32cube.ide.mcu.externaltools.gnu-tools-for-stm32.7-2018-q2-update.win32_1.4.0.202007081208/tools/bin/../lib/gcc/arm-none-eabi/7.3.1/thumb/v7e-m/fpv4-sp/hard/crtbegin.o
 *(.text*)
 .text.LL_GPIO_SetPinMode
                0x00000000080001c8       0x5a Drivers/STM32F3xx_HAL_Driver/Src/stm32f3xx_ll_gpio.o
 .text.LL_GPIO_SetPinOutputType
                0x0000000008000222       0x30 Drivers/STM32F3xx_HAL_Driver/Src/stm32f3xx_ll_gpio.o
 .text.LL_GPIO_SetPinSpeed
                0x0000000008000252       0x5a Drivers/STM32F3xx_HAL_Driver/Src/stm32f3xx_ll_gpio.o
 .text.LL_GPIO_SetPinPull
                0x00000000080002ac       0x5a Drivers/STM32F3xx_HAL_Driver/Src/stm32f3xx_ll_gpio.o
 .text.LL_GPIO_SetAFPin_0_7
                0x0000000008000306       0x5a Drivers/STM32F3xx_HAL_Driver/Src/stm32f3xx_ll_gpio.o
 .text.LL_GPIO_SetAFPin_8_15
                0x0000000008000360       0x5e Drivers/STM32F3xx_HAL_Driver/Src/stm32f3xx_ll_gpio.o
 .text.LL_GPIO_Init
                0x00000000080003be       0xf4 Drivers/STM32F3xx_HAL_Driver/Src/stm32f3xx_ll_gpio.o
                0x00000000080003be                LL_GPIO_Init
 .text.LL_TIM_SetPrescaler
                0x00000000080004b2       0x1c Drivers/STM32F3xx_HAL_Driver/Src/stm32f3xx_ll_tim.o
 .text.LL_TIM_SetAutoReload
                0x00000000080004ce       0x1c Drivers/STM32F3xx_HAL_Driver/Src/stm32f3xx_ll_tim.o
 .text.LL_TIM_SetRepetitionCounter
                0x00000000080004ea       0x1c Drivers/STM32F3xx_HAL_Driver/Src/stm32f3xx_ll_tim.o
 .text.LL_TIM_OC_SetCompareCH1
                0x0000000008000506       0x1c Drivers/STM32F3xx_HAL_Driver/Src/stm32f3xx_ll_tim.o
 .text.LL_TIM_OC_SetCompareCH2
                0x0000000008000522       0x1c Drivers/STM32F3xx_HAL_Driver/Src/stm32f3xx_ll_tim.o
 .text.LL_TIM_OC_SetCompareCH3
                0x000000000800053e       0x1c Drivers/STM32F3xx_HAL_Driver/Src/stm32f3xx_ll_tim.o
 .text.LL_TIM_OC_SetCompareCH4
                0x000000000800055a       0x1c Drivers/STM32F3xx_HAL_Driver/Src/stm32f3xx_ll_tim.o
 .text.LL_TIM_OC_SetCompareCH5
                0x0000000008000576       0x1c Drivers/STM32F3xx_HAL_Driver/Src/stm32f3xx_ll_tim.o
 .text.LL_TIM_OC_SetCompareCH6
                0x0000000008000592       0x1c Drivers/STM32F3xx_HAL_Driver/Src/stm32f3xx_ll_tim.o
 .text.LL_TIM_GenerateEvent_UPDATE
                0x00000000080005ae       0x20 Drivers/STM32F3xx_HAL_Driver/Src/stm32f3xx_ll_tim.o
 *fill*         0x00000000080005ce        0x2 
 .text.LL_TIM_Init
                0x00000000080005d0       0xe8 Drivers/STM32F3xx_HAL_Driver/Src/stm32f3xx_ll_tim.o
                0x00000000080005d0                LL_TIM_Init
 .text.LL_TIM_OC_Init
                0x00000000080006b8       0x9a Drivers/STM32F3xx_HAL_Driver/Src/stm32f3xx_ll_tim.o
                0x00000000080006b8                LL_TIM_OC_Init
 *fill*         0x0000000008000752        0x2 
 .text.OC1Config
                0x0000000008000754      0x100 Drivers/STM32F3xx_HAL_Driver/Src/stm32f3xx_ll_tim.o
 .text.OC2Config
                0x0000000008000854      0x108 Drivers/STM32F3xx_HAL_Driver/Src/stm32f3xx_ll_tim.o
 .text.OC3Config
                0x000000000800095c      0x108 Drivers/STM32F3xx_HAL_Driver/Src/stm32f3xx_ll_tim.o
 .text.OC4Config
                0x0000000008000a64       0xd8 Drivers/STM32F3xx_HAL_Driver/Src/stm32f3xx_ll_tim.o
 .text.OC5Config
                0x0000000008000b3c       0xc4 Drivers/STM32F3xx_HAL_Driver/Src/stm32f3xx_ll_tim.o
 .text.OC6Config
                0x0000000008000c00       0xc4 Drivers/STM32F3xx_HAL_Driver/Src/stm32f3xx_ll_tim.o
 .text.LL_InitTick
                0x0000000008000cc4       0x34 Drivers/STM32F3xx_HAL_Driver/Src/stm32f3xx_ll_utils.o
 .text.LL_Init1msTick
                0x0000000008000cf8       0x1a Drivers/STM32F3xx_HAL_Driver/Src/stm32f3xx_ll_utils.o
                0x0000000008000cf8                LL_Init1msTick
 *fill*         0x0000000008000d12        0x2 
 .text.LL_mDelay
                0x0000000008000d14       0x48 Drivers/STM32F3xx_HAL_Driver/Src/stm32f3xx_ll_utils.o
                0x0000000008000d14                LL_mDelay
 .text.LL_SetSystemCoreClock
                0x0000000008000d5c       0x20 Drivers/STM32F3xx_HAL_Driver/Src/stm32f3xx_ll_utils.o
                0x0000000008000d5c                LL_SetSystemCoreClock
 .text.LL_TIM_ClearFlag_UPDATE
                0x0000000008000d7c       0x1c Src/display.o
 .text.LL_TIM_IsActiveFlag_UPDATE
                0x0000000008000d98       0x26 Src/display.o
 .text.LL_GPIO_SetOutputPin
                0x0000000008000dbe       0x1c Src/display.o
 .text.LL_GPIO_ResetOutputPin
                0x0000000008000dda       0x1c Src/display.o
 *fill*         0x0000000008000df6        0x2 
 .text.resetSegments
                0x0000000008000df8       0x5c Src/display.o
                0x0000000008000df8                resetSegments
 .text.setSegments
                0x0000000008000e54       0x5c Src/display.o
                0x0000000008000e54                setSegments
 .text.resetDigits
                0x0000000008000eb0       0x3a Src/display.o
                0x0000000008000eb0                resetDigits
 .text.setDigits
                0x0000000008000eea       0x3a Src/display.o
                0x0000000008000eea                setDigits
 .text.setDecimalPoint
                0x0000000008000f24       0x14 Src/display.o
                0x0000000008000f24                setDecimalPoint
 .text.setOne   0x0000000008000f38       0x1e Src/display.o
                0x0000000008000f38                setOne
 *fill*         0x0000000008000f56        0x2 
 .text.setTwo   0x0000000008000f58       0x3c Src/display.o
                0x0000000008000f58                setTwo
 .text.setThree
                0x0000000008000f94       0x3c Src/display.o
                0x0000000008000f94                setThree
 .text.setFour  0x0000000008000fd0       0x34 Src/display.o
                0x0000000008000fd0                setFour
 .text.setFive  0x0000000008001004       0x3c Src/display.o
                0x0000000008001004                setFive
 .text.setSix   0x0000000008001040       0x48 Src/display.o
                0x0000000008001040                setSix
 .text.setSeven
                0x0000000008001088       0x28 Src/display.o
                0x0000000008001088                setSeven
 .text.setEight
                0x00000000080010b0       0x54 Src/display.o
                0x00000000080010b0                setEight
 .text.setNine  0x0000000008001104       0x40 Src/display.o
                0x0000000008001104                setNine
 .text.setZero  0x0000000008001144       0x4c Src/display.o
                0x0000000008001144                setZero
 .text.setA     0x0000000008001190       0x4c Src/display.o
                0x0000000008001190                setA
 .text.seta     0x00000000080011dc       0x48 Src/display.o
                0x00000000080011dc                seta
 .text.setb     0x0000000008001224       0x40 Src/display.o
                0x0000000008001224                setb
 .text.setC     0x0000000008001264       0x34 Src/display.o
                0x0000000008001264                setC
 .text.setc     0x0000000008001298       0x28 Src/display.o
                0x0000000008001298                setc
 .text.setd     0x00000000080012c0       0x40 Src/display.o
                0x00000000080012c0                setd
 .text.setE     0x0000000008001300       0x3c Src/display.o
                0x0000000008001300                setE
 .text.setF     0x000000000800133c       0x34 Src/display.o
                0x000000000800133c                setF
 .text.setG     0x0000000008001370       0x40 Src/display.o
                0x0000000008001370                setG
 .text.setH     0x00000000080013b0       0x40 Src/display.o
                0x00000000080013b0                setH
 .text.seth     0x00000000080013f0       0x38 Src/display.o
                0x00000000080013f0                seth
 .text.setI     0x0000000008001428       0x1e Src/display.o
                0x0000000008001428                setI
 *fill*         0x0000000008001446        0x2 
 .text.setJ     0x0000000008001448       0x38 Src/display.o
                0x0000000008001448                setJ
 .text.setL     0x0000000008001480       0x2c Src/display.o
                0x0000000008001480                setL
 .text.setn     0x00000000080014ac       0x2c Src/display.o
                0x00000000080014ac                setn
 .text.setO     0x00000000080014d8       0x4c Src/display.o
                0x00000000080014d8                setO
 .text.seto     0x0000000008001524       0x34 Src/display.o
                0x0000000008001524                seto
 .text.setP     0x0000000008001558       0x40 Src/display.o
                0x0000000008001558                setP
 .text.setq     0x0000000008001598       0x40 Src/display.o
                0x0000000008001598                setq
 .text.setr     0x00000000080015d8       0x20 Src/display.o
                0x00000000080015d8                setr
 .text.setS     0x00000000080015f8       0x3c Src/display.o
                0x00000000080015f8                setS
 .text.sett     0x0000000008001634       0x34 Src/display.o
                0x0000000008001634                sett
 .text.setU     0x0000000008001668       0x40 Src/display.o
                0x0000000008001668                setU
 .text.setu     0x00000000080016a8       0x2c Src/display.o
                0x00000000080016a8                setu
 .text.sety     0x00000000080016d4       0x3c Src/display.o
                0x00000000080016d4                sety
 .text.setK     0x0000000008001710       0x40 Src/display.o
                0x0000000008001710                setK
 .text.setM     0x0000000008001750       0x34 Src/display.o
                0x0000000008001750                setM
 .text.setV     0x0000000008001784       0x28 Src/display.o
                0x0000000008001784                setV
 .text.setW     0x00000000080017ac       0x48 Src/display.o
                0x00000000080017ac                setW
 .text.setX     0x00000000080017f4       0x28 Src/display.o
                0x00000000080017f4                setX
 .text.setZ     0x000000000800181c       0x3c Src/display.o
                0x000000000800181c                setZ
 .text.setUnderscore
                0x0000000008001858       0x14 Src/display.o
                0x0000000008001858                setUnderscore
 .text.displayNumber
                0x000000000800186c       0x50 Src/display.o
                0x000000000800186c                displayNumber
 .text.setDigit
                0x00000000080018bc       0x60 Src/display.o
                0x00000000080018bc                setDigit
 .text.updateDisplay
                0x000000000800191c      0x3f8 Src/display.o
                0x000000000800191c                updateDisplay
 .text.TIM3_IRQHandler
                0x0000000008001d14       0x24 Src/display.o
                0x0000000008001d14                TIM3_IRQHandler
 .text.LL_AHB1_GRP1_EnableClock
                0x0000000008001d38       0x30 Src/gpio.o
 .text.LL_GPIO_ResetOutputPin
                0x0000000008001d68       0x1c Src/gpio.o
 .text.MX_GPIO_Init
                0x0000000008001d84       0x88 Src/gpio.o
                0x0000000008001d84                MX_GPIO_Init
 .text.NVIC_SetPriorityGrouping
                0x0000000008001e0c       0x48 Src/main.o
 .text.LL_RCC_HSI_Enable
                0x0000000008001e54       0x20 Src/main.o
 .text.LL_RCC_HSI_IsReady
                0x0000000008001e74       0x24 Src/main.o
 .text.LL_RCC_HSI_SetCalibTrimming
                0x0000000008001e98       0x2c Src/main.o
 .text.LL_RCC_SetSysClkSource
                0x0000000008001ec4       0x28 Src/main.o
 .text.LL_RCC_GetSysClkSource
                0x0000000008001eec       0x1c Src/main.o
 .text.LL_RCC_SetAHBPrescaler
                0x0000000008001f08       0x28 Src/main.o
 .text.LL_RCC_SetAPB1Prescaler
                0x0000000008001f30       0x28 Src/main.o
 .text.LL_RCC_SetAPB2Prescaler
                0x0000000008001f58       0x28 Src/main.o
 .text.LL_APB1_GRP1_EnableClock
                0x0000000008001f80       0x30 Src/main.o
 .text.LL_APB2_GRP1_EnableClock
                0x0000000008001fb0       0x30 Src/main.o
 .text.LL_FLASH_SetLatency
                0x0000000008001fe0       0x28 Src/main.o
 .text.LL_FLASH_GetLatency
                0x0000000008002008       0x1c Src/main.o
 .text.LL_SYSTICK_SetClkSource
                0x0000000008002024       0x38 Src/main.o
 .text.LL_SYSTICK_EnableIT
                0x000000000800205c       0x20 Src/main.o
 .text.main     0x000000000800207c       0xe8 Src/main.o
                0x000000000800207c                main
 .text.SystemClock_Config
                0x0000000008002164       0x70 Src/main.o
                0x0000000008002164                SystemClock_Config
 .text.Error_Handler
                0x00000000080021d4        0xe Src/main.o
                0x00000000080021d4                Error_Handler
 .text.NMI_Handler
                0x00000000080021e2        0xe Src/stm32f3xx_it.o
                0x00000000080021e2                NMI_Handler
 .text.HardFault_Handler
                0x00000000080021f0        0x6 Src/stm32f3xx_it.o
                0x00000000080021f0                HardFault_Handler
 .text.MemManage_Handler
                0x00000000080021f6        0x6 Src/stm32f3xx_it.o
                0x00000000080021f6                MemManage_Handler
 .text.BusFault_Handler
                0x00000000080021fc        0x6 Src/stm32f3xx_it.o
                0x00000000080021fc                BusFault_Handler
 .text.UsageFault_Handler
                0x0000000008002202        0x6 Src/stm32f3xx_it.o
                0x0000000008002202                UsageFault_Handler
 .text.SVC_Handler
                0x0000000008002208        0xe Src/stm32f3xx_it.o
                0x0000000008002208                SVC_Handler
 .text.DebugMon_Handler
                0x0000000008002216        0xe Src/stm32f3xx_it.o
                0x0000000008002216                DebugMon_Handler
 .text.PendSV_Handler
                0x0000000008002224        0xe Src/stm32f3xx_it.o
                0x0000000008002224                PendSV_Handler
 *fill*         0x0000000008002232        0x2 
 .text.SysTick_Handler
                0x0000000008002234       0x24 Src/stm32f3xx_it.o
                0x0000000008002234                SysTick_Handler
 .text.SystemInit
                0x0000000008002258       0x94 Src/system_stm32f3xx.o
                0x0000000008002258                SystemInit
 .text.NVIC_GetPriorityGrouping
                0x00000000080022ec       0x1c Src/tim.o
 .text.NVIC_EnableIRQ
                0x0000000008002308       0x34 Src/tim.o
 .text.NVIC_SetPriority
                0x000000000800233c       0x54 Src/tim.o
 .text.NVIC_EncodePriority
                0x0000000008002390       0x66 Src/tim.o
 *fill*         0x00000000080023f6        0x2 
 .text.LL_APB1_GRP1_EnableClock
                0x00000000080023f8       0x30 Src/tim.o
 .text.LL_TIM_EnableCounter
                0x0000000008002428       0x20 Src/tim.o
 .text.LL_TIM_EnableARRPreload
                0x0000000008002448       0x20 Src/tim.o
 .text.LL_TIM_OC_DisableFast
                0x0000000008002468       0x9c Src/tim.o
 .text.LL_TIM_SetClockSource
                0x0000000008002504       0x2a Src/tim.o
 .text.LL_TIM_SetTriggerOutput
                0x000000000800252e       0x26 Src/tim.o
 .text.LL_TIM_DisableMasterSlaveMode
                0x0000000008002554       0x20 Src/tim.o
 .text.LL_TIM_EnableIT_UPDATE
                0x0000000008002574       0x20 Src/tim.o
 .text.MX_TIM3_Init
                0x0000000008002594       0xc4 Src/tim.o
                0x0000000008002594                MX_TIM3_Init
 .text.Reset_Handler
                0x0000000008002658       0x50 Startup/startup_stm32f303k8tx.o
                0x0000000008002658                Reset_Handler
 .text.Default_Handler
                0x00000000080026a8        0x2 Startup/startup_stm32f303k8tx.o
                0x00000000080026a8                RTC_Alarm_IRQHandler
                0x00000000080026a8                TIM1_CC_IRQHandler
                0x00000000080026a8                PVD_IRQHandler
                0x00000000080026a8                TAMP_STAMP_IRQHandler
                0x00000000080026a8                EXTI3_IRQHandler
                0x00000000080026a8                EXTI0_IRQHandler
                0x00000000080026a8                FPU_IRQHandler
                0x00000000080026a8                CAN_TX_IRQHandler
                0x00000000080026a8                TIM1_UP_TIM16_IRQHandler
                0x00000000080026a8                ADC1_2_IRQHandler
                0x00000000080026a8                SPI1_IRQHandler
                0x00000000080026a8                CAN_SCE_IRQHandler
                0x00000000080026a8                DMA1_Channel4_IRQHandler
                0x00000000080026a8                USART3_IRQHandler
                0x00000000080026a8                DMA1_Channel7_IRQHandler
                0x00000000080026a8                TIM7_DAC2_IRQHandler
                0x00000000080026a8                CAN_RX1_IRQHandler
                0x00000000080026a8                I2C1_EV_IRQHandler
                0x00000000080026a8                DMA1_Channel6_IRQHandler
                0x00000000080026a8                RCC_IRQHandler
                0x00000000080026a8                DMA1_Channel1_IRQHandler
                0x00000000080026a8                Default_Handler
                0x00000000080026a8                EXTI15_10_IRQHandler
                0x00000000080026a8                COMP2_IRQHandler
                0x00000000080026a8                TIM6_DAC1_IRQHandler
                0x00000000080026a8                EXTI9_5_IRQHandler
                0x00000000080026a8                RTC_WKUP_IRQHandler
                0x00000000080026a8                DMA1_Channel5_IRQHandler
                0x00000000080026a8                EXTI4_IRQHandler
                0x00000000080026a8                TIM1_TRG_COM_TIM17_IRQHandler
                0x00000000080026a8                DMA1_Channel3_IRQHandler
                0x00000000080026a8                WWDG_IRQHandler
                0x00000000080026a8                TIM2_IRQHandler
                0x00000000080026a8                EXTI1_IRQHandler
                0x00000000080026a8                COMP4_6_IRQHandler
                0x00000000080026a8                USART2_IRQHandler
                0x00000000080026a8                DMA1_Channel2_IRQHandler
                0x00000000080026a8                FLASH_IRQHandler
                0x00000000080026a8                USART1_IRQHandler
                0x00000000080026a8                CAN_RX0_IRQHandler
                0x00000000080026a8                I2C1_ER_IRQHandler
                0x00000000080026a8                EXTI2_TSC_IRQHandler
                0x00000000080026a8                TIM1_BRK_TIM15_IRQHandler
 *fill*         0x00000000080026aa        0x2 
 .text.__libc_init_array
                0x00000000080026ac       0x48 f:/st/stm32cubeide_1.4.0/stm32cubeide/plugins/com.st.stm32cube.ide.mcu.externaltools.gnu-tools-for-stm32.7-2018-q2-update.win32_1.4.0.202007081208/tools/bin/../lib/gcc/arm-none-eabi/7.3.1/../../../../arm-none-eabi/lib/thumb/v7e-m/fpv4-sp/hard\libc_nano.a(lib_a-init.o)
                0x00000000080026ac                __libc_init_array
 .text.memset   0x00000000080026f4       0x10 f:/st/stm32cubeide_1.4.0/stm32cubeide/plugins/com.st.stm32cube.ide.mcu.externaltools.gnu-tools-for-stm32.7-2018-q2-update.win32_1.4.0.202007081208/tools/bin/../lib/gcc/arm-none-eabi/7.3.1/../../../../arm-none-eabi/lib/thumb/v7e-m/fpv4-sp/hard\libc_nano.a(lib_a-memset.o)
                0x00000000080026f4                memset
 *(.glue_7)
 .glue_7        0x0000000008002704        0x0 linker stubs
 *(.glue_7t)
 .glue_7t       0x0000000008002704        0x0 linker stubs
 *(.eh_frame)
 .eh_frame      0x0000000008002704        0x0 f:/st/stm32cubeide_1.4.0/stm32cubeide/plugins/com.st.stm32cube.ide.mcu.externaltools.gnu-tools-for-stm32.7-2018-q2-update.win32_1.4.0.202007081208/tools/bin/../lib/gcc/arm-none-eabi/7.3.1/thumb/v7e-m/fpv4-sp/hard/crtbegin.o
 *(.init)
 .init          0x0000000008002704        0x4 f:/st/stm32cubeide_1.4.0/stm32cubeide/plugins/com.st.stm32cube.ide.mcu.externaltools.gnu-tools-for-stm32.7-2018-q2-update.win32_1.4.0.202007081208/tools/bin/../lib/gcc/arm-none-eabi/7.3.1/thumb/v7e-m/fpv4-sp/hard/crti.o
                0x0000000008002704                _init
 .init          0x0000000008002708        0x8 f:/st/stm32cubeide_1.4.0/stm32cubeide/plugins/com.st.stm32cube.ide.mcu.externaltools.gnu-tools-for-stm32.7-2018-q2-update.win32_1.4.0.202007081208/tools/bin/../lib/gcc/arm-none-eabi/7.3.1/thumb/v7e-m/fpv4-sp/hard/crtn.o
 *(.fini)
 .fini          0x0000000008002710        0x4 f:/st/stm32cubeide_1.4.0/stm32cubeide/plugins/com.st.stm32cube.ide.mcu.externaltools.gnu-tools-for-stm32.7-2018-q2-update.win32_1.4.0.202007081208/tools/bin/../lib/gcc/arm-none-eabi/7.3.1/thumb/v7e-m/fpv4-sp/hard/crti.o
                0x0000000008002710                _fini
 .fini          0x0000000008002714        0x8 f:/st/stm32cubeide_1.4.0/stm32cubeide/plugins/com.st.stm32cube.ide.mcu.externaltools.gnu-tools-for-stm32.7-2018-q2-update.win32_1.4.0.202007081208/tools/bin/../lib/gcc/arm-none-eabi/7.3.1/thumb/v7e-m/fpv4-sp/hard/crtn.o
                0x000000000800271c                . = ALIGN (0x4)
                0x000000000800271c                _etext = .

.vfp11_veneer   0x000000000800271c        0x0
 .vfp11_veneer  0x000000000800271c        0x0 linker stubs

.v4_bx          0x000000000800271c        0x0
 .v4_bx         0x000000000800271c        0x0 linker stubs

.iplt           0x000000000800271c        0x0
 .iplt          0x000000000800271c        0x0 f:/st/stm32cubeide_1.4.0/stm32cubeide/plugins/com.st.stm32cube.ide.mcu.externaltools.gnu-tools-for-stm32.7-2018-q2-update.win32_1.4.0.202007081208/tools/bin/../lib/gcc/arm-none-eabi/7.3.1/thumb/v7e-m/fpv4-sp/hard/crtbegin.o

.rodata         0x000000000800271c       0x18
                0x000000000800271c                . = ALIGN (0x4)
 *(.rodata)
 *(.rodata*)
 .rodata.OFFSET_TAB_CCMRx
                0x000000000800271c        0x9 Src/tim.o
 *fill*         0x0000000008002725        0x3 
 .rodata.SHIFT_TAB_OCxx
                0x0000000008002728        0x9 Src/tim.o
                0x0000000008002734                . = ALIGN (0x4)
 *fill*         0x0000000008002731        0x3 

.rel.dyn        0x0000000008002734        0x0
 .rel.iplt      0x0000000008002734        0x0 f:/st/stm32cubeide_1.4.0/stm32cubeide/plugins/com.st.stm32cube.ide.mcu.externaltools.gnu-tools-for-stm32.7-2018-q2-update.win32_1.4.0.202007081208/tools/bin/../lib/gcc/arm-none-eabi/7.3.1/thumb/v7e-m/fpv4-sp/hard/crtbegin.o

.ARM.extab      0x0000000008002734        0x0
                0x0000000008002734                . = ALIGN (0x4)
 *(.ARM.extab* .gnu.linkonce.armextab.*)
                0x0000000008002734                . = ALIGN (0x4)

.ARM            0x0000000008002734        0x0
                0x0000000008002734                . = ALIGN (0x4)
                0x0000000008002734                __exidx_start = .
 *(.ARM.exidx*)
                0x0000000008002734                __exidx_end = .
                0x0000000008002734                . = ALIGN (0x4)

.preinit_array  0x0000000008002734        0x0
                0x0000000008002734                . = ALIGN (0x4)
                0x0000000008002734                PROVIDE (__preinit_array_start = .)
 *(.preinit_array*)
                0x0000000008002734                PROVIDE (__preinit_array_end = .)
                0x0000000008002734                . = ALIGN (0x4)

.init_array     0x0000000008002734        0x4
                0x0000000008002734                . = ALIGN (0x4)
                0x0000000008002734                PROVIDE (__init_array_start = .)
 *(SORT_BY_NAME(.init_array.*))
 *(.init_array*)
 .init_array    0x0000000008002734        0x4 f:/st/stm32cubeide_1.4.0/stm32cubeide/plugins/com.st.stm32cube.ide.mcu.externaltools.gnu-tools-for-stm32.7-2018-q2-update.win32_1.4.0.202007081208/tools/bin/../lib/gcc/arm-none-eabi/7.3.1/thumb/v7e-m/fpv4-sp/hard/crtbegin.o
                0x0000000008002738                PROVIDE (__init_array_end = .)
                0x0000000008002738                . = ALIGN (0x4)

.fini_array     0x0000000008002738        0x4
                0x0000000008002738                . = ALIGN (0x4)
                [!provide]                        PROVIDE (__fini_array_start = .)
 *(SORT_BY_NAME(.fini_array.*))
 *(.fini_array*)
 .fini_array    0x0000000008002738        0x4 f:/st/stm32cubeide_1.4.0/stm32cubeide/plugins/com.st.stm32cube.ide.mcu.externaltools.gnu-tools-for-stm32.7-2018-q2-update.win32_1.4.0.202007081208/tools/bin/../lib/gcc/arm-none-eabi/7.3.1/thumb/v7e-m/fpv4-sp/hard/crtbegin.o
                [!provide]                        PROVIDE (__fini_array_end = .)
                0x000000000800273c                . = ALIGN (0x4)
                0x000000000800273c                _sidata = LOADADDR (.data)

.data           0x0000000020000000       0x18 load address 0x000000000800273c
                0x0000000020000000                . = ALIGN (0x4)
                0x0000000020000000                _sdata = .
 *(.data)
 *(.data*)
 .data.string   0x0000000020000000       0x13 Src/main.o
                0x0000000020000000                string
 *fill*         0x0000000020000013        0x1 
 .data.SystemCoreClock
                0x0000000020000014        0x4 Src/system_stm32f3xx.o
                0x0000000020000014                SystemCoreClock
                0x0000000020000018                . = ALIGN (0x4)
                0x0000000020000018                _edata = .

.igot.plt       0x0000000020000018        0x0 load address 0x0000000008002754
 .igot.plt      0x0000000020000018        0x0 f:/st/stm32cubeide_1.4.0/stm32cubeide/plugins/com.st.stm32cube.ide.mcu.externaltools.gnu-tools-for-stm32.7-2018-q2-update.win32_1.4.0.202007081208/tools/bin/../lib/gcc/arm-none-eabi/7.3.1/thumb/v7e-m/fpv4-sp/hard/crtbegin.o
                0x0000000020000018                . = ALIGN (0x4)

.bss            0x0000000020000018       0x40 load address 0x0000000008002754
                0x0000000020000018                _sbss = .
                0x0000000020000018                __bss_start__ = _sbss
 *(.bss)
 .bss           0x0000000020000018       0x1c f:/st/stm32cubeide_1.4.0/stm32cubeide/plugins/com.st.stm32cube.ide.mcu.externaltools.gnu-tools-for-stm32.7-2018-q2-update.win32_1.4.0.202007081208/tools/bin/../lib/gcc/arm-none-eabi/7.3.1/thumb/v7e-m/fpv4-sp/hard/crtbegin.o
 *(.bss*)
 .bss.dDisplayData
                0x0000000020000034        0x7 Src/display.o
                0x0000000020000034                dDisplayData
 *fill*         0x000000002000003b        0x5 
 .bss.disp_time
                0x0000000020000040        0x8 Src/display.o
                0x0000000020000040                disp_time
 .bss.disp_time_saved
                0x0000000020000048        0x8 Src/display.o
                0x0000000020000048                disp_time_saved
 .bss.pos       0x0000000020000050        0x1 Src/main.o
                0x0000000020000050                pos
 .bss.backwards
                0x0000000020000051        0x1 Src/main.o
                0x0000000020000051                backwards
 *(COMMON)
 *fill*         0x0000000020000052        0x2 
 COMMON         0x0000000020000054        0x4 Src/main.o
                0x0000000020000054                string_disp
                0x0000000020000058                . = ALIGN (0x4)
                0x0000000020000058                _ebss = .
                0x0000000020000058                __bss_end__ = _ebss

._user_heap_stack
                0x0000000020000058      0x600 load address 0x0000000008002754
                0x0000000020000058                . = ALIGN (0x8)
                0x0000000020000058                PROVIDE (end = .)
                [!provide]                        PROVIDE (_end = .)
                0x0000000020000258                . = (. + _Min_Heap_Size)
 *fill*         0x0000000020000058      0x200 
                0x0000000020000658                . = (. + _Min_Stack_Size)
 *fill*         0x0000000020000258      0x400 
                0x0000000020000658                . = ALIGN (0x8)

/DISCARD/
 libc.a(*)
 libm.a(*)
 libgcc.a(*)

.ARM.attributes
                0x0000000000000000       0x30
 *(.ARM.attributes)
 .ARM.attributes
                0x0000000000000000       0x22 f:/st/stm32cubeide_1.4.0/stm32cubeide/plugins/com.st.stm32cube.ide.mcu.externaltools.gnu-tools-for-stm32.7-2018-q2-update.win32_1.4.0.202007081208/tools/bin/../lib/gcc/arm-none-eabi/7.3.1/thumb/v7e-m/fpv4-sp/hard/crti.o
 .ARM.attributes
                0x0000000000000022       0x34 f:/st/stm32cubeide_1.4.0/stm32cubeide/plugins/com.st.stm32cube.ide.mcu.externaltools.gnu-tools-for-stm32.7-2018-q2-update.win32_1.4.0.202007081208/tools/bin/../lib/gcc/arm-none-eabi/7.3.1/thumb/v7e-m/fpv4-sp/hard/crtbegin.o
 .ARM.attributes
                0x0000000000000056       0x39 Drivers/STM32F3xx_HAL_Driver/Src/stm32f3xx_ll_gpio.o
 .ARM.attributes
                0x000000000000008f       0x39 Drivers/STM32F3xx_HAL_Driver/Src/stm32f3xx_ll_tim.o
 .ARM.attributes
                0x00000000000000c8       0x39 Drivers/STM32F3xx_HAL_Driver/Src/stm32f3xx_ll_utils.o
 .ARM.attributes
                0x0000000000000101       0x39 Src/display.o
 .ARM.attributes
                0x000000000000013a       0x39 Src/gpio.o
 .ARM.attributes
                0x0000000000000173       0x39 Src/main.o
 .ARM.attributes
                0x00000000000001ac       0x39 Src/stm32f3xx_it.o
 .ARM.attributes
                0x00000000000001e5       0x39 Src/system_stm32f3xx.o
 .ARM.attributes
                0x000000000000021e       0x39 Src/tim.o
 .ARM.attributes
                0x0000000000000257       0x21 Startup/startup_stm32f303k8tx.o
 .ARM.attributes
                0x0000000000000278       0x34 f:/st/stm32cubeide_1.4.0/stm32cubeide/plugins/com.st.stm32cube.ide.mcu.externaltools.gnu-tools-for-stm32.7-2018-q2-update.win32_1.4.0.202007081208/tools/bin/../lib/gcc/arm-none-eabi/7.3.1/../../../../arm-none-eabi/lib/thumb/v7e-m/fpv4-sp/hard\libc_nano.a(lib_a-init.o)
 .ARM.attributes
                0x00000000000002ac       0x34 f:/st/stm32cubeide_1.4.0/stm32cubeide/plugins/com.st.stm32cube.ide.mcu.externaltools.gnu-tools-for-stm32.7-2018-q2-update.win32_1.4.0.202007081208/tools/bin/../lib/gcc/arm-none-eabi/7.3.1/../../../../arm-none-eabi/lib/thumb/v7e-m/fpv4-sp/hard\libc_nano.a(lib_a-memset.o)
 .ARM.attributes
                0x00000000000002e0       0x22 f:/st/stm32cubeide_1.4.0/stm32cubeide/plugins/com.st.stm32cube.ide.mcu.externaltools.gnu-tools-for-stm32.7-2018-q2-update.win32_1.4.0.202007081208/tools/bin/../lib/gcc/arm-none-eabi/7.3.1/thumb/v7e-m/fpv4-sp/hard/crtn.o
OUTPUT(segment_display.elf elf32-littlearm)

.debug_info     0x0000000000000000     0x565a
 .debug_info    0x0000000000000000      0x7e2 Drivers/STM32F3xx_HAL_Driver/Src/stm32f3xx_ll_gpio.o
 .debug_info    0x00000000000007e2      0xf9f Drivers/STM32F3xx_HAL_Driver/Src/stm32f3xx_ll_tim.o
 .debug_info    0x0000000000001781      0x818 Drivers/STM32F3xx_HAL_Driver/Src/stm32f3xx_ll_utils.o
 .debug_info    0x0000000000001f99     0x10e7 Src/display.o
 .debug_info    0x0000000000003080      0x3ff Src/gpio.o
 .debug_info    0x000000000000347f     0x1000 Src/main.o
 .debug_info    0x000000000000447f      0x25d Src/stm32f3xx_it.o
 .debug_info    0x00000000000046dc      0x400 Src/system_stm32f3xx.o
 .debug_info    0x0000000000004adc      0xb5c Src/tim.o
 .debug_info    0x0000000000005638       0x22 Startup/startup_stm32f303k8tx.o

.debug_abbrev   0x0000000000000000     0x1057
 .debug_abbrev  0x0000000000000000      0x212 Drivers/STM32F3xx_HAL_Driver/Src/stm32f3xx_ll_gpio.o
 .debug_abbrev  0x0000000000000212      0x1ff Drivers/STM32F3xx_HAL_Driver/Src/stm32f3xx_ll_tim.o
 .debug_abbrev  0x0000000000000411      0x266 Drivers/STM32F3xx_HAL_Driver/Src/stm32f3xx_ll_utils.o
 .debug_abbrev  0x0000000000000677      0x272 Src/display.o
 .debug_abbrev  0x00000000000008e9      0x15d Src/gpio.o
 .debug_abbrev  0x0000000000000a46      0x28a Src/main.o
 .debug_abbrev  0x0000000000000cd0       0xa3 Src/stm32f3xx_it.o
 .debug_abbrev  0x0000000000000d73      0x111 Src/system_stm32f3xx.o
 .debug_abbrev  0x0000000000000e84      0x1c1 Src/tim.o
 .debug_abbrev  0x0000000000001045       0x12 Startup/startup_stm32f303k8tx.o

.debug_aranges  0x0000000000000000      0x680
 .debug_aranges
                0x0000000000000000       0x70 Drivers/STM32F3xx_HAL_Driver/Src/stm32f3xx_ll_gpio.o
 .debug_aranges
                0x0000000000000070      0x148 Drivers/STM32F3xx_HAL_Driver/Src/stm32f3xx_ll_tim.o
 .debug_aranges
                0x00000000000001b8       0xf0 Drivers/STM32F3xx_HAL_Driver/Src/stm32f3xx_ll_utils.o
 .debug_aranges
                0x00000000000002a8      0x1d0 Src/display.o
 .debug_aranges
                0x0000000000000478       0x30 Src/gpio.o
 .debug_aranges
                0x00000000000004a8       0xa8 Src/main.o
 .debug_aranges
                0x0000000000000550       0x60 Src/stm32f3xx_it.o
 .debug_aranges
                0x00000000000005b0       0x28 Src/system_stm32f3xx.o
 .debug_aranges
                0x00000000000005d8       0x80 Src/tim.o
 .debug_aranges
                0x0000000000000658       0x28 Startup/startup_stm32f303k8tx.o

.debug_ranges   0x0000000000000000      0x5e8
 .debug_ranges  0x0000000000000000       0x60 Drivers/STM32F3xx_HAL_Driver/Src/stm32f3xx_ll_gpio.o
 .debug_ranges  0x0000000000000060      0x138 Drivers/STM32F3xx_HAL_Driver/Src/stm32f3xx_ll_tim.o
 .debug_ranges  0x0000000000000198       0xe0 Drivers/STM32F3xx_HAL_Driver/Src/stm32f3xx_ll_utils.o
 .debug_ranges  0x0000000000000278      0x1c0 Src/display.o
 .debug_ranges  0x0000000000000438       0x20 Src/gpio.o
 .debug_ranges  0x0000000000000458       0x98 Src/main.o
 .debug_ranges  0x00000000000004f0       0x50 Src/stm32f3xx_it.o
 .debug_ranges  0x0000000000000540       0x18 Src/system_stm32f3xx.o
 .debug_ranges  0x0000000000000558       0x70 Src/tim.o
 .debug_ranges  0x00000000000005c8       0x20 Startup/startup_stm32f303k8tx.o

.debug_macro    0x0000000000000000     0x35b5
 .debug_macro   0x0000000000000000      0x10c Drivers/STM32F3xx_HAL_Driver/Src/stm32f3xx_ll_gpio.o
 .debug_macro   0x000000000000010c      0x149 Drivers/STM32F3xx_HAL_Driver/Src/stm32f3xx_ll_gpio.o
 .debug_macro   0x0000000000000255       0xe5 Drivers/STM32F3xx_HAL_Driver/Src/stm32f3xx_ll_gpio.o
 .debug_macro   0x000000000000033a      0x179 Drivers/STM32F3xx_HAL_Driver/Src/stm32f3xx_ll_tim.o
 .debug_macro   0x00000000000004b3      0x800 Drivers/STM32F3xx_HAL_Driver/Src/stm32f3xx_ll_tim.o
 .debug_macro   0x0000000000000cb3      0x14a Drivers/STM32F3xx_HAL_Driver/Src/stm32f3xx_ll_utils.o
 .debug_macro   0x0000000000000dfd       0x30 Drivers/STM32F3xx_HAL_Driver/Src/stm32f3xx_ll_utils.o
 .debug_macro   0x0000000000000e2d      0x2a5 Drivers/STM32F3xx_HAL_Driver/Src/stm32f3xx_ll_utils.o
 .debug_macro   0x00000000000010d2       0xaf Drivers/STM32F3xx_HAL_Driver/Src/stm32f3xx_ll_utils.o
 .debug_macro   0x0000000000001181      0x2cd Src/display.o
 .debug_macro   0x000000000000144e      0x102 Src/display.o
 .debug_macro   0x0000000000001550       0x28 Src/display.o
 .debug_macro   0x0000000000001578      0x287 Src/display.o
 .debug_macro   0x00000000000017ff      0x806 Src/display.o
 .debug_macro   0x0000000000002005      0x14f Src/display.o
 .debug_macro   0x0000000000002154       0x22 Src/display.o
 .debug_macro   0x0000000000002176       0x46 Src/display.o
 .debug_macro   0x00000000000021bc       0x18 Src/display.o
 .debug_macro   0x00000000000021d4       0x3c Src/display.o
 .debug_macro   0x0000000000002210       0x34 Src/display.o
 .debug_macro   0x0000000000002244       0x16 Src/display.o
 .debug_macro   0x000000000000225a       0x97 Src/display.o
 .debug_macro   0x00000000000022f1      0x330 Src/display.o
 .debug_macro   0x0000000000002621       0xfd Src/display.o
 .debug_macro   0x000000000000271e       0x10 Src/display.o
 .debug_macro   0x000000000000272e       0x52 Src/display.o
 .debug_macro   0x0000000000002780       0x1f Src/display.o
 .debug_macro   0x000000000000279f       0x43 Src/display.o
 .debug_macro   0x00000000000027e2       0x20 Src/display.o
 .debug_macro   0x0000000000002802      0x1a3 Src/display.o
 .debug_macro   0x00000000000029a5       0x10 Src/display.o
 .debug_macro   0x00000000000029b5       0x1c Src/display.o
 .debug_macro   0x00000000000029d1       0x52 Src/display.o
 .debug_macro   0x0000000000002a23       0x40 Src/display.o
 .debug_macro   0x0000000000002a63       0x10 Src/display.o
 .debug_macro   0x0000000000002a73       0x40 Src/display.o
 .debug_macro   0x0000000000002ab3       0xd7 Src/display.o
 .debug_macro   0x0000000000002b8a       0x1c Src/display.o
 .debug_macro   0x0000000000002ba6       0x3d Src/display.o
 .debug_macro   0x0000000000002be3       0x16 Src/display.o
 .debug_macro   0x0000000000002bf9      0x145 Src/display.o
 .debug_macro   0x0000000000002d3e       0x16 Src/display.o
 .debug_macro   0x0000000000002d54       0x35 Src/display.o
 .debug_macro   0x0000000000002d89       0x20 Src/display.o
 .debug_macro   0x0000000000002da9       0x82 Src/display.o
 .debug_macro   0x0000000000002e2b      0x143 Src/gpio.o
 .debug_macro   0x0000000000002f6e      0x2e5 Src/main.o
 .debug_macro   0x0000000000003253      0x143 Src/stm32f3xx_it.o
 .debug_macro   0x0000000000003396       0xdc Src/system_stm32f3xx.o
 .debug_macro   0x0000000000003472      0x143 Src/tim.o

.debug_line     0x0000000000000000     0x4591
 .debug_line    0x0000000000000000      0x670 Drivers/STM32F3xx_HAL_Driver/Src/stm32f3xx_ll_gpio.o
 .debug_line    0x0000000000000670      0x97d Drivers/STM32F3xx_HAL_Driver/Src/stm32f3xx_ll_tim.o
 .debug_line    0x0000000000000fed      0x764 Drivers/STM32F3xx_HAL_Driver/Src/stm32f3xx_ll_utils.o
 .debug_line    0x0000000000001751      0xd26 Src/display.o
 .debug_line    0x0000000000002477      0x5aa Src/gpio.o
 .debug_line    0x0000000000002a21      0x94e Src/main.o
 .debug_line    0x000000000000336f      0x619 Src/stm32f3xx_it.o
 .debug_line    0x0000000000003988      0x48a Src/system_stm32f3xx.o
 .debug_line    0x0000000000003e12      0x6fe Src/tim.o
 .debug_line    0x0000000000004510       0x81 Startup/startup_stm32f303k8tx.o

.debug_str      0x0000000000000000    0x75bc8
 .debug_str     0x0000000000000000    0x645c8 Drivers/STM32F3xx_HAL_Driver/Src/stm32f3xx_ll_gpio.o
                                      0x64779 (size before relaxing)
 .debug_str     0x00000000000645c8     0x5cde Drivers/STM32F3xx_HAL_Driver/Src/stm32f3xx_ll_tim.o
                                      0x69695 (size before relaxing)
 .debug_str     0x000000000006a2a6     0x5087 Drivers/STM32F3xx_HAL_Driver/Src/stm32f3xx_ll_utils.o
                                      0x6845b (size before relaxing)
 .debug_str     0x000000000006f32d     0x6136 Src/display.o
                                      0x72566 (size before relaxing)
 .debug_str     0x0000000000075463       0x45 Src/gpio.o
                                      0x6dca1 (size before relaxing)
 .debug_str     0x00000000000754a8      0x174 Src/main.o
                                      0x725a1 (size before relaxing)
 .debug_str     0x000000000007561c       0xb8 Src/stm32f3xx_it.o
                                      0x6dc37 (size before relaxing)
 .debug_str     0x00000000000756d4       0xaa Src/system_stm32f3xx.o
                                      0x6345b (size before relaxing)
 .debug_str     0x000000000007577e      0x419 Src/tim.o
                                      0x6e289 (size before relaxing)
 .debug_str     0x0000000000075b97       0x31 Startup/startup_stm32f303k8tx.o
                                         0x73 (size before relaxing)

.comment        0x0000000000000000       0x7b
 .comment       0x0000000000000000       0x7b Drivers/STM32F3xx_HAL_Driver/Src/stm32f3xx_ll_gpio.o
                                         0x7c (size before relaxing)
 .comment       0x000000000000007b       0x7c Drivers/STM32F3xx_HAL_Driver/Src/stm32f3xx_ll_tim.o
 .comment       0x000000000000007b       0x7c Drivers/STM32F3xx_HAL_Driver/Src/stm32f3xx_ll_utils.o
 .comment       0x000000000000007b       0x7c Src/display.o
 .comment       0x000000000000007b       0x7c Src/gpio.o
 .comment       0x000000000000007b       0x7c Src/main.o
 .comment       0x000000000000007b       0x7c Src/stm32f3xx_it.o
 .comment       0x000000000000007b       0x7c Src/system_stm32f3xx.o
 .comment       0x000000000000007b       0x7c Src/tim.o

.debug_frame    0x0000000000000000     0x18b8
 .debug_frame   0x0000000000000000      0x1c0 Drivers/STM32F3xx_HAL_Driver/Src/stm32f3xx_ll_gpio.o
 .debug_frame   0x00000000000001c0      0x5d0 Drivers/STM32F3xx_HAL_Driver/Src/stm32f3xx_ll_tim.o
 .debug_frame   0x0000000000000790      0x3dc Drivers/STM32F3xx_HAL_Driver/Src/stm32f3xx_ll_utils.o
 .debug_frame   0x0000000000000b6c      0x664 Src/display.o
 .debug_frame   0x00000000000011d0       0x84 Src/gpio.o
 .debug_frame   0x0000000000001254      0x29c Src/main.o
 .debug_frame   0x00000000000014f0      0x114 Src/stm32f3xx_it.o
 .debug_frame   0x0000000000001604       0x58 Src/system_stm32f3xx.o
 .debug_frame   0x000000000000165c      0x210 Src/tim.o
 .debug_frame   0x000000000000186c       0x2c f:/st/stm32cubeide_1.4.0/stm32cubeide/plugins/com.st.stm32cube.ide.mcu.externaltools.gnu-tools-for-stm32.7-2018-q2-update.win32_1.4.0.202007081208/tools/bin/../lib/gcc/arm-none-eabi/7.3.1/../../../../arm-none-eabi/lib/thumb/v7e-m/fpv4-sp/hard\libc_nano.a(lib_a-init.o)
 .debug_frame   0x0000000000001898       0x20 f:/st/stm32cubeide_1.4.0/stm32cubeide/plugins/com.st.stm32cube.ide.mcu.externaltools.gnu-tools-for-stm32.7-2018-q2-update.win32_1.4.0.202007081208/tools/bin/../lib/gcc/arm-none-eabi/7.3.1/../../../../arm-none-eabi/lib/thumb/v7e-m/fpv4-sp/hard\libc_nano.a(lib_a-memset.o)
